test 123 //123 test